// Jest Snapshot v1, https://goo.gl/fbAQLP

exports[`Registration renders correctly 1`] = `
<div>
  <header
    class="sc-lgpSej epchEB"
  >
    <div
      class="authentication"
    >
      <div
        class="authLinks"
      >
        <div
          class="registerOrLogin"
        >
          <a
            class="link"
            data-discover="true"
            href="/register"
          >
            Register
          </a>
          <a
            class="link"
            data-discover="true"
            href="/login"
          >
            Login
          </a>
        </div>
      </div>
    </div>
    <div>
      <h1>
        Book Tracker
      </h1>
    </div>
  </header>
  <section
    class="sc-dNdcvo jmWCBE"
  >
    <div
      class="wrapper"
    >
      <h2>
        Register
      </h2>
      <form
        class="sc-fbQrwq ikfUKJ"
      >
        <input
          name="email"
          placeholder="Email address"
          type="email"
        />
        <input
          name="password"
          placeholder="Password"
          type="password"
        />
        <input
          name="password-confirmation"
          placeholder="Password Confirmation"
          type="password"
        />
        <button
          type="submit"
        >
          Register
        </button>
      </form>
    </div>
  </section>
</div>
`;
